// Jest Snapshot v1, https://goo.gl/fbAQLP

exports[`getOrCreateByUrl() 1`] = `
Object {
  "link": Object {
    "author": Object {
      "meta": Object {},
      "name": "梁上尘梁上尘土",
    },
    "authorId": "cky5ia5ta00048gsbwql5j5qc",
    "domain": "zhuanlan.zhihu.com",
    "scraped": Object {
      "authorName": "梁上尘梁上尘土",
      "date": "2019-07-25T11:35:00.000Z",
      "description": "现在比较热门的话题碳化硅，和小编一起看看碳化硅： 半导体材料经过几十年的发展，第一代硅材料半导体已经接近完美晶体，对于硅材料的研究也非常透彻。基于硅材料上器件的设计和开发也经过了许多代的结构和工艺优…",
      "domain": "zhuanlan.zhihu.com",
      "finalUrl": "https://zhuanlan.zhihu.com/p/75120221",
      "lang": "zh",
      "srcType": "OTHER",
      "title": "三分钟了解第三代半导体材料：碳化硅（SiC）",
    },
    "url": "https://zhuanlan.zhihu.com/p/75120221",
  },
  "linkId": "cky5ia5u500138gsbw46qx8uw",
  "meta": Object {
    "author": "梁上尘梁上尘土",
    "description": "现在比较热门的话题碳化硅，和小编一起看看碳化硅： 半导体材料经过几十年的发展，第一代硅材料半导体已经接近完美晶体，对于硅材料的研究也非常透彻。基于硅材料上器件的设计和开发也经过了许多代的结构和工艺优…",
    "publishedAt": "2019-07-25T11:35:00.000Z",
    "template": "webpage",
    "title": "三分钟了解第三代半导体材料：碳化硅（SiC）",
    "url": "https://zhuanlan.zhihu.com/p/75120221",
  },
  "state": null,
  "sym": Object {
    "symbol": "@https://zhuanlan.zhihu.com/p/75120221",
    "type": "URL",
  },
}
`;

exports[`getOrCreateByUrl() 2`] = `
Object {
  "link": Object {
    "author": Object {
      "meta": Object {},
      "name": "Evelyn_Tsai",
    },
    "authorId": "cky5owuyp00168bsb49nppwu5",
    "domain": "www.mobile01.com",
    "scraped": Object {
      "authorName": "Evelyn_Tsai",
      "date": "2022-01-06T11:12:46.000Z",
      "description": "興櫃股國鼎生技（4132）這一個星期三（2022年1月5日）召開重訊宣布其所自行研發（研發中）的新型冠狀病毒肺炎住院口服用藥－Antroquinonol二期臨床試驗解盲達標，預計於今年度四月份的時候向美國食品藥物管理局（FDA）遞交二期臨床試驗的分析數據以及研發相關文件並申請緊(股票 / ETF 第1頁)",
      "domain": "www.mobile01.com",
      "finalUrl": "https://www.mobile01.com/topicdetail.php?f=793&t=6520838",
      "keywords": Array [
        "股票 / ETF",
        "理財",
      ],
      "lang": "zh",
      "srcType": "OTHER",
      "title": "國鼎新冠口服藥二期解盲成功／股價狂噴67%，開盤８分鐘就嗨到觸熔斷 - Mobile01",
    },
    "url": "https://www.mobile01.com/topicdetail.php?f=793&t=6520838",
  },
  "linkId": "cky5owuzy00258bsb4gpc25fo",
  "meta": Object {
    "author": "Evelyn_Tsai",
    "description": "興櫃股國鼎生技（4132）這一個星期三（2022年1月5日）召開重訊宣布其所自行研發（研發中）的新型冠狀病毒肺炎住院口服用藥－Antroquinonol二期臨床試驗解盲達標，預計於今年度四月份的時候向美國食品藥物管理局（FDA）遞交二期臨床試驗的分析數據以及研發相關文件並申請緊(股票 / ETF 第1頁)",
    "keywords": Array [
      "股票 / ETF",
      "理財",
    ],
    "publishedAt": "2022-01-06T11:12:46.000Z",
    "template": "webpage",
    "title": "國鼎新冠口服藥二期解盲成功／股價狂噴67%，開盤８分鐘就嗨到觸熔斷 - Mobile01",
    "url": "https://www.mobile01.com/topicdetail.php?f=793&t=6520838",
  },
  "state": null,
  "sym": Object {
    "symbol": "@https://www.mobile01.com/topicdetail.php?f=793&t=6520838",
    "type": "URL",
  },
}
`;
