// Jest Snapshot v1, https://goo.gl/fbAQLP

exports[`CardDigestModel.getLatest() 1`] = `
Array [
  Object {
    "picks": Array [
      "111",
      "222",
      "333",
      "444",
    ],
    "subs": Array [
      Object {
        "picks": Array [
          "000",
        ],
        "subs": Array [],
        "sym": Object {
          "symbol": "$BB",
          "type": "TICKER",
        },
        "title": "$BB",
      },
      Object {
        "picks": Array [
          "000",
        ],
        "subs": Array [],
        "sym": Object {
          "symbol": "$CC",
          "type": "TICKER",
        },
        "title": "$CC",
      },
    ],
    "sym": Object {
      "symbol": "$AA",
      "type": "TICKER",
    },
    "title": "$AA",
  },
]
`;
