// Jest Snapshot v1, https://goo.gl/fbAQLP

exports[`create a blank web card 1`] = `
Object {
  "body": Object {
    "id": 5,
    "meta": Array [],
    "prevId": 4,
    "text": "",
    "userId": "bot",
  },
  "bodyId": 5,
  "id": 2,
  "link": Object {
    "domain": "test1.com",
    "id": 2,
    "meta": Object {
      "domain": "test1.com",
      "resolvedUrl": "http://test1.com",
      "srcType": "OTHER",
    },
    "oauthorName": null,
    "srcId": null,
    "srcType": "OTHER",
    "url": "http://test1.com",
  },
  "linkUrl": "http://test1.com",
  "meta": Object {
    "commentId": 3,
  },
  "template": "WEBPAGE",
}
`;

exports[`create a nested web-card 1`] = `
"$CC
[?] <BUY> @30 %DO4
[+]
111 111 %RzE
222 222 %WGP

$DD
[?] <SELL> @30 %BBc"
`;

exports[`create a nested web-card 2`] = `
Array [
  Object {
    "anchorId": 11,
    "createrId": "test-user-2",
    "linenumber": 1,
    "marker": Object {
      "key": "[?]",
      "value": "<BUY> @30",
    },
    "neatReply": true,
    "nestedCard": Object {
      "symbol": "$CC",
    },
    "oauthor": "test-oauthor-1",
    "pollChoices": Array [
      "<BUY>",
    ],
    "replyId": 1,
    "src": "http://test2.com",
    "stampId": "%DO4",
    "str": " <BUY> @30",
  },
  Object {
    "anchorId": 12,
    "createrId": "test-user-2",
    "linenumber": 3,
    "marker": Object {
      "key": "[+]",
      "value": "111 111",
    },
    "nestedCard": Object {
      "symbol": "$CC",
    },
    "oauthor": "test-oauthor-1",
    "src": "http://test2.com",
    "stampId": "%RzE",
    "str": "111 111",
  },
  Object {
    "anchorId": 13,
    "createrId": "test-user-2",
    "linenumber": 4,
    "marker": Object {
      "key": "[+]",
      "value": "222 222",
    },
    "nestedCard": Object {
      "symbol": "$CC",
    },
    "oauthor": "test-oauthor-1",
    "src": "http://test2.com",
    "stampId": "%WGP",
    "str": "222 222",
  },
  Object {
    "anchorId": 14,
    "createrId": "test-user-2",
    "linenumber": 7,
    "marker": Object {
      "key": "[?]",
      "value": "<SELL> @30",
    },
    "neatReply": true,
    "nestedCard": Object {
      "symbol": "$DD",
    },
    "oauthor": "test-oauthor-1",
    "pollChoices": Array [
      "<SELL>",
    ],
    "replyId": 2,
    "src": "http://test2.com",
    "stampId": "%BBc",
    "str": " <SELL> @30",
  },
]
`;

exports[`create a nested web-card 3`] = `
"[~]
[?]
<BUY> <SELL> %Vre
[+]
222 222 %rcC
111 111 %PGu
[-]
"
`;

exports[`create a nested web-card 4`] = `
Array [
  Object {
    "anchorId": 7,
    "commentId": 5,
    "createrId": "bot",
    "linenumber": 2,
    "marker": Object {
      "key": "[?]",
      "value": "<BUY> <SELL>",
    },
    "poll": true,
    "pollChoices": Array [
      "<BUY>",
      "<SELL>",
    ],
    "pollId": 2,
    "stampId": "%Vre",
    "str": "<BUY> <SELL> %Vre",
  },
  Object {
    "anchorId": 8,
    "createrId": "test-user-2",
    "linenumber": 4,
    "marker": Object {
      "key": "[+]",
      "value": "222 222",
    },
    "oauthor": "test-oauthor-1",
    "src": "http://test2.com",
    "srcStamp": "%WGP",
    "stampId": "%rcC",
    "str": "222 222 %rcC",
  },
  Object {
    "anchorId": 9,
    "createrId": "test-user-2",
    "linenumber": 5,
    "marker": Object {
      "key": "[+]",
      "value": "111 111",
    },
    "oauthor": "test-oauthor-1",
    "src": "http://test2.com",
    "srcStamp": "%RzE",
    "stampId": "%PGu",
    "str": "111 111 %PGu",
  },
]
`;

exports[`create a nested web-card 5`] = `
"[~]
[?]
<BUY> <SELL> %JwE
[+]
[-]"
`;

exports[`create a nested web-card 6`] = `
Array [
  Object {
    "anchorId": 10,
    "commentId": 7,
    "createrId": "bot",
    "linenumber": 2,
    "marker": Object {
      "key": "[?]",
      "value": "<BUY> <SELL>",
    },
    "poll": true,
    "pollChoices": Array [
      "<BUY>",
      "<SELL>",
    ],
    "pollId": 3,
    "stampId": "%JwE",
    "str": "<BUY> <SELL> %JwE",
  },
]
`;

exports[`create a symbol card 1`] = `
Object {
  "body": Object {
    "id": 2,
    "meta": Array [
      Object {
        "anchorId": 1,
        "commentId": 1,
        "createrId": "bot",
        "linenumber": 2,
        "marker": Object {
          "key": "[?]",
          "value": "<BUY> <SELL>",
        },
        "poll": true,
        "pollChoices": Array [
          "<BUY>",
          "<SELL>",
        ],
        "pollId": 1,
        "stampId": "%2Md",
        "str": "<BUY> <SELL>",
      },
    ],
    "prevId": 1,
    "text": "[~]
[?]
<BUY> <SELL> %2Md
[+]
[-]",
    "userId": "bot",
  },
  "bodyId": 2,
  "id": 1,
  "link": Object {
    "domain": "_",
    "id": 1,
    "meta": null,
    "oauthorName": null,
    "srcId": null,
    "srcType": "OTHER",
    "url": "//$AA",
  },
  "linkUrl": "//$AA",
  "meta": Object {
    "commentId": 2,
    "symbol": "$AA",
  },
  "template": "TICKER",
}
`;

exports[`create a symbol card 2`] = `
Object {
  "id": 2,
  "meta": Object {
    "cardId": 1,
    "inCardIds": Array [],
  },
  "text": "",
  "userId": "bot",
}
`;

exports[`create a symbol card body 1`] = `
Object {
  "body": Object {
    "id": 3,
    "meta": Array [
      Object {
        "anchorId": 2,
        "createrId": "test-user-1",
        "linenumber": 0,
        "marker": Object {
          "key": "[?]",
          "value": "<BUY> @30",
        },
        "neatReply": true,
        "pollChoices": Array [
          "<BUY>",
        ],
        "stampId": "%3RU",
        "str": " <BUY> @30",
      },
      Object {
        "anchorId": 3,
        "createrId": "test-user-1",
        "linenumber": 2,
        "marker": Object {
          "key": "[+]",
          "value": "111 111",
        },
        "stampId": "%K4q",
        "str": "111 111",
      },
      Object {
        "anchorId": 4,
        "createrId": "test-user-1",
        "linenumber": 3,
        "marker": Object {
          "key": "[+]",
          "value": "222 222",
        },
        "stampId": "%bij",
        "str": "222 222",
      },
    ],
    "prevId": 2,
    "text": "[?] <BUY> @30 %3RU
[+]
111 111 %K4q
222 222 %bij",
    "userId": "test-user-1",
  },
  "bodyId": 3,
  "id": 1,
  "linkUrl": "//$AA",
  "meta": Object {
    "commentId": 2,
    "symbol": "$AA",
  },
  "template": "TICKER",
}
`;

exports[`edit a web card 1`] = `
Object {
  "body": Object {
    "id": 6,
    "meta": Array [
      Object {
        "anchorId": 5,
        "createrId": "test-user-1",
        "linenumber": 1,
        "marker": Object {
          "key": "[*]",
          "value": "2021年會有進一步財政刺激",
        },
        "stampId": "%Jgx",
        "str": "2021年會有進一步財政刺激",
      },
      Object {
        "anchorId": 6,
        "createrId": "test-user-1",
        "linenumber": 2,
        "marker": Object {
          "key": "[*]",
          "value": "歷年有1月效應，1月份呈現反彈，但不認為",
        },
        "stampId": "%PVG",
        "str": "歷年有1月效應，1月份呈現反彈，但不認為",
      },
    ],
    "prevId": 5,
    "text": "[*]
2021年會有進一步財政刺激 %Jgx
歷年有1月效應，1月份呈現反彈，但不認為 %PVG",
    "userId": "test-user-1",
  },
  "bodyId": 6,
  "id": 2,
  "linkUrl": "http://test1.com",
  "meta": Object {
    "commentId": 3,
  },
  "template": "WEBPAGE",
}
`;
